C:\Users\Bobby\Downloads\CMSemanticsAnalyzer\src\ast\ASTarglist.java
C:\Users\Bobby\Downloads\CMSemanticsAnalyzer\src\ast\ASTarraydecl.java
C:\Users\Bobby\Downloads\CMSemanticsAnalyzer\src\ast\ASTarrayder.java
C:\Users\Bobby\Downloads\CMSemanticsAnalyzer\src\ast\ASTassignment.java
C:\Users\Bobby\Downloads\CMSemanticsAnalyzer\src\ast\ASTbinexp.java
C:\Users\Bobby\Downloads\CMSemanticsAnalyzer\src\ast\ASTbinop.java
C:\Users\Bobby\Downloads\CMSemanticsAnalyzer\src\ast\ASTblock.java
C:\Users\Bobby\Downloads\CMSemanticsAnalyzer\src\ast\ASTcall.java
C:\Users\Bobby\Downloads\CMSemanticsAnalyzer\src\ast\ASTemptystatement.java
C:\Users\Bobby\Downloads\CMSemanticsAnalyzer\src\ast\ASTexprstatement.java
C:\Users\Bobby\Downloads\CMSemanticsAnalyzer\src\ast\ASTformal.java
C:\Users\Bobby\Downloads\CMSemanticsAnalyzer\src\ast\ASTfunc.java
C:\Users\Bobby\Downloads\CMSemanticsAnalyzer\src\ast\ASTfunctype.java
C:\Users\Bobby\Downloads\CMSemanticsAnalyzer\src\ast\ASTident.java
C:\Users\Bobby\Downloads\CMSemanticsAnalyzer\src\ast\ASTifthen.java
C:\Users\Bobby\Downloads\CMSemanticsAnalyzer\src\ast\ASTifthenelse.java
C:\Users\Bobby\Downloads\CMSemanticsAnalyzer\src\ast\ASTleaf.java
C:\Users\Bobby\Downloads\CMSemanticsAnalyzer\src\ast\ASTlist.java
C:\Users\Bobby\Downloads\CMSemanticsAnalyzer\src\ast\ASTnode.java
C:\Users\Bobby\Downloads\CMSemanticsAnalyzer\src\ast\ASTnumber.java
C:\Users\Bobby\Downloads\CMSemanticsAnalyzer\src\ast\ASTpair.java
C:\Users\Bobby\Downloads\CMSemanticsAnalyzer\src\ast\ASTparamlist.java
C:\Users\Bobby\Downloads\CMSemanticsAnalyzer\src\ast\ASTreturn.java
C:\Users\Bobby\Downloads\CMSemanticsAnalyzer\src\ast\ASTtupletype.java
C:\Users\Bobby\Downloads\CMSemanticsAnalyzer\src\ast\ASTtype.java
C:\Users\Bobby\Downloads\CMSemanticsAnalyzer\src\ast\ASTvardecl.java
C:\Users\Bobby\Downloads\CMSemanticsAnalyzer\src\ast\ASTwhile.java
C:\Users\Bobby\Downloads\CMSemanticsAnalyzer\src\ast\package-info.java
C:\Users\Bobby\Downloads\CMSemanticsAnalyzer\src\parser\Driver.java
C:\Users\Bobby\Downloads\CMSemanticsAnalyzer\src\parser\Lexer.java
C:\Users\Bobby\Downloads\CMSemanticsAnalyzer\src\parser\LEXSymbol.java
C:\Users\Bobby\Downloads\CMSemanticsAnalyzer\src\parser\package-info.java
C:\Users\Bobby\Downloads\CMSemanticsAnalyzer\src\parser\parser.java
C:\Users\Bobby\Downloads\CMSemanticsAnalyzer\src\parser\Settings.java
C:\Users\Bobby\Downloads\CMSemanticsAnalyzer\src\parser\SrcLoc.java
C:\Users\Bobby\Downloads\CMSemanticsAnalyzer\src\parser\sym.java
C:\Users\Bobby\Downloads\CMSemanticsAnalyzer\src\sem\Array_Descriptor.java
C:\Users\Bobby\Downloads\CMSemanticsAnalyzer\src\sem\Descriptor.java
C:\Users\Bobby\Downloads\CMSemanticsAnalyzer\src\sem\Empty_Descriptor.java
C:\Users\Bobby\Downloads\CMSemanticsAnalyzer\src\sem\Formal_Descriptor.java
C:\Users\Bobby\Downloads\CMSemanticsAnalyzer\src\sem\Func_Descriptor.java
C:\Users\Bobby\Downloads\CMSemanticsAnalyzer\src\sem\package-info.java
C:\Users\Bobby\Downloads\CMSemanticsAnalyzer\src\sem\SEMscope.java
C:\Users\Bobby\Downloads\CMSemanticsAnalyzer\src\sem\Variable_Descriptor.java
C:\Users\Bobby\Downloads\CMSemanticsAnalyzer\src\specs\package-info.java
